// Jest Snapshot v1, https://goo.gl/fbAQLP

exports[`ErrorMessage should render correctly given the required props 1`] = `
<div
  className="error-message"
>
  <p>
    The following unexpected error occurred: 
    ERROR
  </p>
</div>
`;
