// Jest Snapshot v1, https://goo.gl/fbAQLP

exports[`Header should render correctly 1`] = `
<header>
  <h1>
    <a
      href="/"
    >
      musica
    </a>
  </h1>
</header>
`;
