// Jest Snapshot v1, https://goo.gl/fbAQLP

exports[`Loading should render correctly 1`] = `
<div
  className="spinner-container"
>
  <div
    className="spinner"
  >
    <span
      className="spinner-inner-1"
    />
    <span
      className="spinner-inner-2"
    />
    <span
      className="spinner-inner-3"
    />
  </div>
</div>
`;
