// Jest Snapshot v1, https://goo.gl/fbAQLP

exports[`NoAlbum should render correctly 1`] = `
<div
  className="no-album"
>
  Sorry, no album found.
</div>
`;
