// Jest Snapshot v1, https://goo.gl/fbAQLP

exports[`PaginationItem should render correctly 1`] = `
<li
  className="page-item active"
>
  <a
    className="page-link active"
    href="!#"
    onClick={[Function]}
  >
    1
  </a>
</li>
`;
